// Vitest Snapshot v1, https://vitest.dev/guide/snapshot.html

exports[`SearchControls > must render this component with default query parameters. 1`] = `
<div>
  <div
    class="mb-8 flex flex-col gap-4 lg:flex-row"
  >
    <div
      class="relative flex-1"
    >
      <svg
        aria-hidden="true"
        class="lucide lucide-search absolute top-1/2 left-3 size-5 -translate-y-1/2 transform text-gray-400"
        fill="none"
        height="24"
        stroke="currentColor"
        stroke-linecap="round"
        stroke-linejoin="round"
        stroke-width="2"
        viewBox="0 0 24 24"
        width="24"
        xmlns="http://www.w3.org/2000/svg"
      >
        <path
          d="m21 21-4.34-4.34"
        />
        <circle
          cx="11"
          cy="11"
          r="8"
        />
      </svg>
      <input
        class="w-full min-w-0 rounded-3xl border px-3 py-1 transition-[color,box-shadow,background-color] outline-none file:inline-flex file:h-7 file:border-0 file:bg-transparent file:text-sm file:font-medium file:text-foreground placeholder:text-muted-foreground focus-visible:border-ring focus-visible:ring-3 focus-visible:ring-ring/30 disabled:pointer-events-none disabled:cursor-not-allowed disabled:opacity-50 aria-invalid:border-destructive aria-invalid:ring-3 aria-invalid:ring-destructive/20 md:text-sm dark:aria-invalid:border-destructive/50 dark:aria-invalid:ring-destructive/40 bg-background border-ring h-12 pl-12 text-lg"
        data-slot="input"
        placeholder="Busca héroes, villanos, poderes, equipos, etc."
        value=""
      />
    </div>
    <div
      class="flex gap-2"
    >
      <button
        class="group/button inline-flex shrink-0 items-center justify-center rounded-4xl border bg-clip-padding text-sm font-medium whitespace-nowrap transition-all cursor-pointer outline-none select-none focus-visible:border-ring focus-visible:ring-3 focus-visible:ring-ring/30 active:not-aria-[haspopup]:translate-y-px disabled:pointer-events-none disabled:opacity-50 aria-invalid:border-destructive aria-invalid:ring-3 aria-invalid:ring-destructive/20 dark:aria-invalid:border-destructive/50 dark:aria-invalid:ring-destructive/40 [&_svg]:pointer-events-none [&_svg]:shrink-0 [&_svg:not([class*='size-'])]:size-4 border-border bg-background hover:bg-muted hover:text-foreground aria-expanded:bg-muted aria-expanded:text-foreground dark:bg-transparent dark:hover:bg-input/30 gap-1.5 px-3 has-data-[icon=inline-end]:pr-2.5 has-data-[icon=inline-start]:pl-2.5 h-12"
        data-size="default"
        data-slot="button"
        data-variant="outline"
      >
        <svg
          aria-hidden="true"
          class="lucide lucide-funnel mr-2 size-4"
          fill="none"
          height="24"
          stroke="currentColor"
          stroke-linecap="round"
          stroke-linejoin="round"
          stroke-width="2"
          viewBox="0 0 24 24"
          width="24"
          xmlns="http://www.w3.org/2000/svg"
        >
          <path
            d="M10 20a1 1 0 0 0 .553.895l2 1A1 1 0 0 0 14 21v-7a2 2 0 0 1 .517-1.341L21.74 4.67A1 1 0 0 0 21 3H3a1 1 0 0 0-.742 1.67l7.225 7.989A2 2 0 0 1 10 14z"
          />
        </svg>
        Filtros
      </button>
      <button
        class="group/button inline-flex shrink-0 items-center justify-center rounded-4xl border bg-clip-padding text-sm font-medium whitespace-nowrap transition-all cursor-pointer outline-none select-none focus-visible:border-ring focus-visible:ring-3 focus-visible:ring-ring/30 active:not-aria-[haspopup]:translate-y-px disabled:pointer-events-none disabled:opacity-50 aria-invalid:border-destructive aria-invalid:ring-3 aria-invalid:ring-destructive/20 dark:aria-invalid:border-destructive/50 dark:aria-invalid:ring-destructive/40 [&_svg]:pointer-events-none [&_svg]:shrink-0 [&_svg:not([class*='size-'])]:size-4 border-border bg-background hover:bg-muted hover:text-foreground aria-expanded:bg-muted aria-expanded:text-foreground dark:bg-transparent dark:hover:bg-input/30 gap-1.5 px-3 has-data-[icon=inline-end]:pr-2.5 has-data-[icon=inline-start]:pl-2.5 h-12"
        data-size="default"
        data-slot="button"
        data-variant="outline"
      >
        <svg
          aria-hidden="true"
          class="lucide lucide-arrow-up-narrow-wide mr-2 size-4"
          fill="none"
          height="24"
          stroke="currentColor"
          stroke-linecap="round"
          stroke-linejoin="round"
          stroke-width="2"
          viewBox="0 0 24 24"
          width="24"
          xmlns="http://www.w3.org/2000/svg"
        >
          <path
            d="m3 8 4-4 4 4"
          />
          <path
            d="M7 4v16"
          />
          <path
            d="M11 12h4"
          />
          <path
            d="M11 16h7"
          />
          <path
            d="M11 20h10"
          />
        </svg>
        Ordenar por Nombre
      </button>
      <button
        class="group/button inline-flex shrink-0 items-center justify-center rounded-4xl border bg-clip-padding text-sm font-medium whitespace-nowrap transition-all cursor-pointer outline-none select-none focus-visible:border-ring focus-visible:ring-3 focus-visible:ring-ring/30 active:not-aria-[haspopup]:translate-y-px disabled:pointer-events-none disabled:opacity-50 aria-invalid:border-destructive aria-invalid:ring-3 aria-invalid:ring-destructive/20 dark:aria-invalid:border-destructive/50 dark:aria-invalid:ring-destructive/40 [&_svg]:pointer-events-none [&_svg]:shrink-0 [&_svg:not([class*='size-'])]:size-4 border-border bg-background hover:bg-muted hover:text-foreground aria-expanded:bg-muted aria-expanded:text-foreground dark:bg-transparent dark:hover:bg-input/30 gap-1.5 px-3 has-data-[icon=inline-end]:pr-2.5 has-data-[icon=inline-start]:pl-2.5 h-12"
        data-size="default"
        data-slot="button"
        data-variant="outline"
      >
        <svg
          aria-hidden="true"
          class="lucide lucide-grid3x3 lucide-grid-3x3 size-4"
          fill="none"
          height="24"
          stroke="currentColor"
          stroke-linecap="round"
          stroke-linejoin="round"
          stroke-width="2"
          viewBox="0 0 24 24"
          width="24"
          xmlns="http://www.w3.org/2000/svg"
        >
          <rect
            height="18"
            rx="2"
            width="18"
            x="3"
            y="3"
          />
          <path
            d="M3 9h18"
          />
          <path
            d="M3 15h18"
          />
          <path
            d="M9 3v18"
          />
          <path
            d="M15 3v18"
          />
        </svg>
      </button>
      <button
        class="group/button inline-flex shrink-0 items-center justify-center rounded-4xl border border-transparent bg-clip-padding text-sm font-medium whitespace-nowrap transition-all cursor-pointer outline-none select-none focus-visible:border-ring focus-visible:ring-3 focus-visible:ring-ring/30 active:not-aria-[haspopup]:translate-y-px disabled:pointer-events-none disabled:opacity-50 aria-invalid:border-destructive aria-invalid:ring-3 aria-invalid:ring-destructive/20 dark:aria-invalid:border-destructive/50 dark:aria-invalid:ring-destructive/40 [&_svg]:pointer-events-none [&_svg]:shrink-0 [&_svg:not([class*='size-'])]:size-4 bg-primary text-primary-foreground hover:bg-primary/80 gap-1.5 px-3 has-data-[icon=inline-end]:pr-2.5 has-data-[icon=inline-start]:pl-2.5 h-12"
        data-size="default"
        data-slot="button"
        data-variant="default"
      >
        <svg
          aria-hidden="true"
          class="lucide lucide-plus mr-2 size-4"
          fill="none"
          height="24"
          stroke="currentColor"
          stroke-linecap="round"
          stroke-linejoin="round"
          stroke-width="2"
          viewBox="0 0 24 24"
          width="24"
          xmlns="http://www.w3.org/2000/svg"
        >
          <path
            d="M5 12h14"
          />
          <path
            d="M12 5v14"
          />
        </svg>
        Añade un Personaje
      </button>
    </div>
  </div>
  <div
    class="mx-auto w-full max-w-6xl p-4"
  >
    <div
      class="flex w-full flex-col overflow-hidden rounded-2xl border bg-white"
      data-orientation="vertical"
      data-slot="accordion"
    >
      <div
        class="not-last:border-b data-open:bg-transparent"
        data-orientation="vertical"
        data-slot="accordion-item"
        data-state="closed"
      >
        <div
          aria-labelledby="radix-_r_0_"
          class="data-open:animate-accordion-down data-closed:animate-accordion-up overflow-hidden px-4 text-sm"
          data-orientation="vertical"
          data-slot="accordion-content"
          data-state="closed"
          hidden=""
          id="radix-_r_1_"
          role="region"
          style="--radix-accordion-content-height: var(--radix-collapsible-content-height); --radix-accordion-content-width: var(--radix-collapsible-content-width);"
        />
      </div>
    </div>
  </div>
</div>
`;
